0 verbose cli /usr/bin/node /usr/bin/npm
1 info using npm@9.2.0
2 info using node@v22.22.1
3 timing npm:load:whichnode Completed in 2ms
4 timing config:load:defaults Completed in 9ms
5 timing config:load:file:/usr/share/nodejs/npm/npmrc Completed in 12ms
6 timing config:load:builtin Completed in 13ms
7 timing config:load:cli Completed in 6ms
8 timing config:load:env Completed in 2ms
9 timing config:load:file:/root/lifeos/.npmrc Completed in 3ms
10 timing config:load:project Completed in 14ms
11 timing config:load:file:/root/.npmrc Completed in 2ms
12 timing config:load:user Completed in 2ms
13 timing config:load:file:/etc/npmrc Completed in 1ms
14 timing config:load:global Completed in 2ms
15 timing config:load:setEnvs Completed in 3ms
16 timing config:load Completed in 55ms
17 timing npm:load:configload Completed in 56ms
18 timing npm:load:mkdirpcache Completed in 8ms
19 timing npm:load:mkdirplogs Completed in 3ms
20 verbose title npm config set cache /tmp/npm-cache
21 verbose argv "config" "set" "cache" "/tmp/npm-cache"
22 timing npm:load:setTitle Completed in 4ms
23 timing config:load:flatten Completed in 13ms
24 timing npm:load:display Completed in 17ms
25 verbose logfile logs-max:10 dir:/root/lifeos/false/_logs/2026-05-20T17_36_24_147Z-
26 verbose logfile /root/lifeos/false/_logs/2026-05-20T17_36_24_147Z-debug-0.log
27 timing npm:load:logFile Completed in 41ms
28 timing npm:load:timers Completed in 1ms
29 timing npm:load:configScope Completed in 0ms
30 timing npm:load Completed in 136ms
31 timing config:load:flatten Completed in 28ms
32 info config set "cache" "/tmp/npm-cache"
33 timing config:load:flatten Completed in 4ms
34 silly logfile done cleaning log files
35 timing command:config Completed in 75ms
36 verbose exit 0
37 timing npm Completed in 353ms
38 info ok
